09:28:32 **** Incremental Build of configuration Debug for project MicroROS_Test ****
make -j4 all 
docker pull microros/micro_ros_static_library_builder:foxy && docker run --rm -v /home/josef-reth/STM32CubeIDE/Stm32ROS2/MicroROS_Test:/project --env MICROROS_LIBRARY_FOLDER=micro_ros_stm32cubemx_utils/microros_static_library_ide microros/micro_ros_static_library_builder:foxy
foxy: Pulling from microros/micro_ros_static_library_builder
Digest: sha256:bda0dcca059534cfc39f1fb2744bf58807acb8c6215a33f17fed2a9af15501a7
Status: Image is up to date for microros/micro_ros_static_library_builder:foxy
docker.io/microros/micro_ros_static_library_builder:foxy
dos2unix: converting file /project/micro_ros_stm32cubemx_utils/microros_static_library_ide/library_generation/library_generation.sh to Unix format...
micro-ROS library found. Skipping...
Delete micro_ros_stm32cubemx_utils/microros_static_library_ide/libmicroros/ for rebuild.
 
arm-none-eabi-size   MicroROS_Test.elf 
   text	   data	    bss	    dec	    hex	filename
  76156	    216	  69584	 145956	  23a24	MicroROS_Test.elf
Finished building: default.size.stdout
 

09:28:38 Build Finished. 0 errors, 0 warnings. (took 5s.953ms)

