11:20:29 **** Incremental Build of configuration Debug for project MicroROS ****
make -j4 all 
docker pull microros/micro_ros_static_library_builder:foxy && docker run --rm -v /home/josef-reth/STM32CubeIDE/Stm32ROS2/MicroROS:/project --env MICROROS_LIBRARY_FOLDER=micro_ros_stm32cubemx_utils/microros_static_library_ide microros/micro_ros_static_library_builder:foxy
foxy: Pulling from microros/micro_ros_static_library_builder
Digest: sha256:366437969cfdd2b4d54103aebfa225b2785129cef1d4f63a9e9564c490ceb542
Status: Image is up to date for microros/micro_ros_static_library_builder:foxy
docker.io/microros/micro_ros_static_library_builder:foxy
micro-ROS library found. Skipping...
Delete micro_ros_stm32cubemx_utils/microros_static_library_ide/libmicroros/ for rebuild.
dos2unix: converting file /project/micro_ros_stm32cubemx_utils/microros_static_library_ide/library_generation/library_generation.sh to Unix format...
 
arm-none-eabi-size   MicroROS.elf 
   text	   data	    bss	    dec	    hex	filename
  96788	    456	  76688	 173932	  2a76c	MicroROS.elf
Finished building: default.size.stdout
 

11:20:35 Build Finished. 0 errors, 0 warnings. (took 6s.587ms)

